// Jest Snapshot v1, https://goo.gl/fbAQLP

exports[`AuthContext component unit testing should render AuthContext with children 1`] = `
<p>
  isAuthenticated: false
</p>
`;
